
=== Tue Mar  4 19:03:28 2025

Packages were changed.
Update Mode: mergeDefaultDependencies

The following packages were added:
  com.unity.modules.ai@1.0.0
  com.unity.modules.androidjni@1.0.0
  com.unity.modules.animation@1.0.0
  com.unity.modules.assetbundle@1.0.0
  com.unity.modules.audio@1.0.0
  com.unity.modules.cloth@1.0.0
  com.unity.modules.director@1.0.0
  com.unity.modules.imageconversion@1.0.0
  com.unity.modules.imgui@1.0.0
  com.unity.modules.jsonserialize@1.0.0
  com.unity.modules.particlesystem@1.0.0
  com.unity.modules.physics@1.0.0
  com.unity.modules.physics2d@1.0.0
  com.unity.modules.screencapture@1.0.0
  com.unity.modules.terrain@1.0.0
  com.unity.modules.terrainphysics@1.0.0
  com.unity.modules.tilemap@1.0.0
  com.unity.modules.ui@1.0.0
  com.unity.modules.uielements@1.0.0
  com.unity.modules.umbra@1.0.0
  com.unity.modules.unityanalytics@1.0.0
  com.unity.modules.unitywebrequest@1.0.0
  com.unity.modules.unitywebrequestassetbundle@1.0.0
  com.unity.modules.unitywebrequestaudio@1.0.0
  com.unity.modules.unitywebrequesttexture@1.0.0
  com.unity.modules.unitywebrequestwww@1.0.0
  com.unity.modules.vehicles@1.0.0
  com.unity.modules.video@1.0.0
  com.unity.modules.vr@1.0.0
  com.unity.modules.wind@1.0.0
  com.unity.modules.xr@1.0.0
The following packages were updated:
  com.unity.collab-proxy from version 1.13.5 to 2.7.1
  com.unity.textmeshpro from version 3.0.6 to 3.0.7
  com.unity.timeline from version 1.6.2 to 1.7.6
  com.unity.visualscripting from version 1.7.6 to 1.9.4

=== Wed Feb 25 13:56:04 2026

Packages were changed.
Update Mode: updateDependencies

The following packages were updated:
  com.unity.collab-proxy from version 1.17.1 to 2.7.1
  com.unity.ide.rider from version 3.0.15 to 3.0.34
  com.unity.ide.visualstudio from version 2.0.16 to 2.0.22
  com.unity.nuget.newtonsoft-json from version 3.0.2 to 3.2.1
  com.unity.performance.profile-analyzer from version 1.1.1 to 1.2.3
  com.unity.render-pipelines.core from version 12.1.7 to 14.0.12
  com.unity.searcher from version 4.9.1 to 4.9.2
  com.unity.services.core from version 1.4.2 to 1.14.0
  com.unity.settings-manager from version 1.0.3 to 2.0.1
  com.unity.shadergraph from version 12.1.7 to 14.0.12
  com.unity.test-framework from version 1.1.31 to 1.1.33
  com.unity.testtools.codecoverage from version 1.0.1 to 1.2.6
  com.unity.textmeshpro from version 3.0.6 to 3.0.7
  com.unity.timeline from version 1.6.4 to 1.7.6
  com.unity.visualscripting from version 1.7.8 to 1.9.4

=== Wed Feb 25 13:56:04 2026

Packages were changed.
Update Mode: mergeDefaultDependencies

The following packages were added:
  com.unity.burst@1.8.21
  com.unity.collections@1.5.2
  com.unity.editorcoroutines@1.0.0
  com.unity.ext.nunit@1.0.6
  com.unity.ide.rider@3.0.34
  com.unity.ide.visualstudio@2.0.22
  com.unity.ide.vscode@1.2.5
  com.unity.mathematics@1.3.2
  com.unity.nuget.mono-cecil@1.11.4
  com.unity.nuget.newtonsoft-json@3.2.1
  com.unity.performance.profile-analyzer@1.2.3
  com.unity.render-pipelines.core@14.0.12
  com.unity.searcher@4.9.2
  com.unity.services.core@1.14.0
  com.unity.settings-manager@2.0.1
  com.unity.shadergraph@14.0.12
  com.unity.test-framework@1.1.33
  com.unity.testtools.codecoverage@1.2.6
  com.unity.modules.subsystems@1.0.0
  com.unity.modules.uielementsnative@1.0.0
